// Jest Snapshot v1, https://goo.gl/fbAQLP

exports[`Card component should matches with snapshot 1`] = `
<article
  class="w-100 flex flex-column ba b--black-10 br3 shadow-6 animated fade-in bg-white undefined"
>
  <div
    class="center"
  >
    <img
      alt="card avatar"
      class="db h3 w3 mt2 mt3-ns"
      data-testid="card-img"
      src="http://placekitten.com/g/100/100"
    />
  </div>
  <div
    class="pa2 pa3-ns min-h-3"
  >
    <h6
      class="f6 b mb2 truncate tc"
      title="Card Title"
    >
      Card Title
    </h6>
    <p
      class="f6 gray mt0 mv1 tc"
    >
      Short description about my bot
    </p>
  </div>
  <div
    class="w-100 bt bp-bc-medium-wave"
  >
    <button
      class="w-100 link pointer tc ph3 pv3 db f6 b bg-animate b--none br3 br--bottom bg-white hover-white blue hover-bg-blue"
      data-testid="card-btn"
    >
      Ativar
    </button>
  </div>
</article>
`;
